// Jest Snapshot v1, https://goo.gl/fbAQLP

exports[`the title is correct 1`] = `
Array [
  Object {
    "email": "Sincere@april.biz",
    "id": 1,
    "name": "Leanne Graham",
    "phone": "1-770-736-8031 x56442",
    "username": "Leanne",
    "website": "leanne.org",
  },
  Object {
    "email": "Shanna@melissa.tv",
    "id": 2,
    "name": "Ervin Howell",
    "phone": "010-692-6593 x09125",
    "username": "Antonette",
    "website": "anastasia.net",
  },
  Object {
    "email": "Nathan@yesenia.net",
    "id": 3,
    "name": "Clementine Bauch",
    "phone": "1-463-123-4447",
    "username": "Samantha",
    "website": "ramiro.info",
  },
  Object {
    "email": "Julianne.OConner@kory.org",
    "id": 4,
    "name": "Patricia Lebsack",
    "phone": "493-170-9623 x156",
    "username": "Karianne",
    "website": "kale.biz",
  },
  Object {
    "email": "Lucio_Hettinger@annie.ca",
    "id": 5,
    "name": "Chelsey Dietrich",
    "phone": "(254)954-1289",
    "username": "Kamren",
    "website": "demarco.info",
  },
]
`;
